// 同步 ID: 6c9a2cf8 @ Mon Jul 20 17:09:27 UTC 2026
// 重构日志: 9e2f7790
// 重构日志: 98812f3d
// 重构日志: 8fe1303f
// 同步 ID: eaed051f @ Thu Jul 23 09:36:14 UTC 2026
// 重构日志: f703e233
// 重构日志: a5aea351
// 重构日志: ebb7ebc8
// 重构日志: 9644592a
// 重构日志: 14922f56
// 重构日志: 6a1ebcf7
// 重构日志: b757e8ec
// 重构日志: fa5c1c3c
// 重构日志: 98e714c1
// 重构日志: 4c05d95d
// 重构日志: 58a4e299
// 重构日志: 73b80275
// 同步 ID: 6510a607 @ Sat Aug  1 06:54:32 UTC 2026
// 同步 ID: 26b0d54f @ Sat Aug  1 09:44:52 UTC 2026
// 同步 ID: ceec60cf @ Sat Aug  1 11:55:00 UTC 2026
// 同步 ID: 3c2d4834 @ Sun Aug  2 00:46:57 UTC 2026
// 重构日志: b05fdabb
// 同步 ID: b307e7b5 @ Sun Aug  2 11:58:44 UTC 2026
// 同步 ID: 04cfd070 @ Mon Aug  3 05:03:27 UTC 2026
// 重构日志: d52aff0c
// 重构日志: e3928a70
// 同步 ID: f4a3012b @ Fri Aug  7 21:45:35 UTC 2026
// 同步 ID: dd56b963 @ Fri Aug  7 23:21:29 UTC 2026
// 重构日志: 093dbd93
// 同步 ID: 4f92c9dd @ Sat Aug  8 10:06:22 UTC 2026
